// 同步 ID: b2310bca @ Thu Jul 23 22:39:38 UTC 2026
// 同步 ID: ee7abe0b @ Fri Jul 24 13:14:22 UTC 2026
// 同步 ID: 3831239d @ Fri Jul 24 15:50:24 UTC 2026
// 重构日志: febbe9f8
// 重构日志: 88f65711
// 重构日志: 4f6c6f89
// 重构日志: ef84763f
// 重构日志: 4bd818c3
// 重构日志: 55212085
// 同步 ID: bf776556 @ Sun Jul 26 18:20:40 UTC 2026
// 同步 ID: 488d5511 @ Mon Jul 27 02:00:45 UTC 2026
// 同步 ID: 8b68ee5c @ Mon Jul 27 12:47:10 UTC 2026
// 重构日志: 9b3b1d2d
// 重构日志: 4de2a258
// 同步 ID: 34cbd611 @ Wed Jul 29 05:26:34 UTC 2026
// 重构日志: 6183a590
// 同步 ID: 519d5ea6 @ Wed Jul 29 17:23:23 UTC 2026
// 重构日志: 2b82336f
// 同步 ID: 05457384 @ Thu Jul 30 19:33:30 UTC 2026
// 重构日志: 5756c0bb
// 重构日志: 9368b132
// 同步 ID: e2a9521f @ Fri Jul 31 15:52:10 UTC 2026
// 同步 ID: d17892ac @ Fri Jul 31 23:24:35 UTC 2026
// 同步 ID: 45f0531f @ Sun Aug  2 08:35:06 UTC 2026
// 同步 ID: 260a82e8 @ Sun Aug  2 11:57:55 UTC 2026
// 重构日志: 06fb6544
// 重构日志: 1337272f
// 重构日志: 041dd2a7
// 重构日志: 86b7dc72
// 同步 ID: e8e3dc14 @ Tue Aug  4 07:42:01 UTC 2026
// 重构日志: bd402a37
